{"level":"info","message":"⌛ Building environment","timeElapsed":1536,"timestamp":"2026-05-13T03:01:06.432Z"}
{"level":"info","message":"⌛ Building environment","timeElapsed":662,"timestamp":"2026-05-13T03:01:07.109Z"}
{"level":"info","message":"⌛ Building environment","timeElapsed":1157,"timestamp":"2026-05-13T03:01:08.303Z"}
{"level":"info","message":"⌛ Building environment","timeElapsed":340,"timestamp":"2026-05-13T03:01:08.656Z"}
{"level":"info","message":"⌛ Building environment","timeElapsed":297,"timestamp":"2026-05-13T03:01:08.955Z"}
{"level":"info","message":"⌛ Building environment","timeElapsed":454,"timestamp":"2026-05-13T03:01:09.470Z"}
{"level":"info","message":"⌛ Building environment","timeElapsed":601,"timestamp":"2026-05-13T03:01:10.085Z"}
{"level":"info","message":"⌛ Building environment","timeElapsed":699,"timestamp":"2026-05-13T03:01:10.793Z"}
{"level":"info","message":"⌛ Validating mensajerosDePelicula-milagrosmaceiro1/mensajeros.wlk","timeElapsed":1123,"timestamp":"2026-05-13T03:01:11.980Z"}
{"level":"info","message":"⌛ Building environment","timeElapsed":564,"timestamp":"2026-05-13T03:01:12.546Z"}
{"level":"info","message":"⌛ Validating mensajerosDePelicula-milagrosmaceiro1/vehiculos.wlk","timeElapsed":509,"timestamp":"2026-05-13T03:01:13.107Z"}
{"level":"info","message":"⌛ Validating mensajerosDePelicula-milagrosmaceiro1/testExample.wtest","timeElapsed":888,"timestamp":"2026-05-13T03:01:13.998Z"}
{"level":"info","message":"⌛ Validating mensajerosDePelicula-milagrosmaceiro1/paquetes.wlk","timeElapsed":703,"timestamp":"2026-05-13T03:01:14.708Z"}
{"level":"info","message":"⌛ Validating mensajerosDePelicula-milagrosmaceiro1/mensajeria.wlk","timeElapsed":337,"timestamp":"2026-05-13T03:01:15.046Z"}
{"level":"info","message":"⌛ Validating mensajerosDePelicula-milagrosmaceiro1/example.wlk","timeElapsed":1159,"timestamp":"2026-05-13T03:01:16.206Z"}
{"level":"info","message":"⌛ Validating mensajerosDePelicula-milagrosmaceiro1/destinos.wlk","timeElapsed":403,"timestamp":"2026-05-13T03:01:16.619Z"}
{"level":"info","message":"⌛ Validating mensajerosDePelicula-milagrosmaceiro1/mensajeros.wlk","timeElapsed":352,"timestamp":"2026-05-13T03:01:17.016Z"}
{"level":"info","message":"⌛ Validating mensajerosDePelicula-milagrosmaceiro1/vehiculos.wlk","timeElapsed":347,"timestamp":"2026-05-13T03:01:17.377Z"}
{"level":"info","message":"⌛ Validating mensajerosDePelicula-milagrosmaceiro1/testExample.wtest","timeElapsed":249,"timestamp":"2026-05-13T03:01:17.626Z"}
{"level":"info","message":"⌛ Validating mensajerosDePelicula-milagrosmaceiro1/paquetes.wlk","timeElapsed":248,"timestamp":"2026-05-13T03:01:17.880Z"}
{"level":"info","message":"⌛ Validating mensajerosDePelicula-milagrosmaceiro1/mensajeria.wlk","timeElapsed":230,"timestamp":"2026-05-13T03:01:18.112Z"}
{"level":"info","message":"⌛ Validating mensajerosDePelicula-milagrosmaceiro1/example.wlk","timeElapsed":193,"timestamp":"2026-05-13T03:01:18.306Z"}
{"level":"info","message":"⌛ Validating mensajerosDePelicula-milagrosmaceiro1/destinos.wlk","timeElapsed":193,"timestamp":"2026-05-13T03:01:18.505Z"}
{"level":"info","message":"⌛ Building environment","timeElapsed":788,"timestamp":"2026-05-13T03:01:23.089Z"}
{"level":"info","message":"⌛ Validating mensajerosDePelicula-milagrosmaceiro1/mensajeros.wlk","timeElapsed":1434,"timestamp":"2026-05-13T03:01:24.640Z"}
{"level":"info","message":"⌛ Validating mensajerosDePelicula-milagrosmaceiro1/vehiculos.wlk","timeElapsed":397,"timestamp":"2026-05-13T03:01:25.037Z"}
{"level":"info","message":"⌛ Validating mensajerosDePelicula-milagrosmaceiro1/testExample.wtest","timeElapsed":489,"timestamp":"2026-05-13T03:01:25.581Z"}
{"level":"info","message":"⌛ Validating mensajerosDePelicula-milagrosmaceiro1/paquetes.wlk","timeElapsed":263,"timestamp":"2026-05-13T03:01:25.851Z"}
{"level":"info","message":"⌛ Validating mensajerosDePelicula-milagrosmaceiro1/mensajeria.wlk","timeElapsed":291,"timestamp":"2026-05-13T03:01:26.150Z"}
{"level":"info","message":"⌛ Validating mensajerosDePelicula-milagrosmaceiro1/example.wlk","timeElapsed":254,"timestamp":"2026-05-13T03:01:26.412Z"}
{"level":"info","message":"⌛ Validating mensajerosDePelicula-milagrosmaceiro1/destinos.wlk","timeElapsed":244,"timestamp":"2026-05-13T03:01:26.669Z"}
{"level":"info","message":"⌛ Building environment","timeElapsed":419,"timestamp":"2026-05-13T03:01:30.149Z"}
{"level":"info","message":"⌛ Validating mensajerosDePelicula-milagrosmaceiro1/mensajeros.wlk","timeElapsed":382,"timestamp":"2026-05-13T03:01:30.545Z"}
{"level":"info","message":"⌛ Validating mensajerosDePelicula-milagrosmaceiro1/vehiculos.wlk","timeElapsed":291,"timestamp":"2026-05-13T03:01:30.838Z"}
{"level":"info","message":"⌛ Validating mensajerosDePelicula-milagrosmaceiro1/testExample.wtest","timeElapsed":344,"timestamp":"2026-05-13T03:01:31.193Z"}
{"level":"info","message":"⌛ Validating mensajerosDePelicula-milagrosmaceiro1/paquetes.wlk","timeElapsed":315,"timestamp":"2026-05-13T03:01:31.516Z"}
{"level":"info","message":"⌛ Validating mensajerosDePelicula-milagrosmaceiro1/mensajeria.wlk","timeElapsed":221,"timestamp":"2026-05-13T03:01:31.738Z"}
{"level":"info","message":"⌛ Validating mensajerosDePelicula-milagrosmaceiro1/example.wlk","timeElapsed":593,"timestamp":"2026-05-13T03:01:32.336Z"}
{"level":"info","message":"⌛ Validating mensajerosDePelicula-milagrosmaceiro1/destinos.wlk","timeElapsed":208,"timestamp":"2026-05-13T03:01:32.549Z"}
